   Compiling libc v0.2.186
   Compiling syn v2.0.118
   Compiling getrandom v0.4.3
   Compiling serde_derive v1.0.228
   Compiling rustix v1.1.4
   Compiling serde v1.0.228
   Compiling linux-raw-sys v0.12.1
   Compiling memchr v2.8.3
   Compiling serde_json v1.0.150
   Compiling getrandom v0.3.4
   Compiling serde_derive_internals v0.29.1
   Compiling schemars_derive v0.8.22
   Compiling rand_core v0.9.5
   Compiling thiserror-impl v2.0.18
   Compiling chrono v0.4.45
   Compiling schemars v0.8.22
   Compiling thiserror v2.0.18
   Compiling uuid v1.23.5
   Compiling curve25519-dalek-derive v0.1.1
   Compiling zeroize v1.9.0
   Compiling once_cell v1.21.4
   Compiling tempfile v3.27.0
   Compiling boundary-compiler v0.1.0 (/workspace/scratch/bfe02ea97bc3/Libraries/boundary-compiler)
   Compiling curve25519-dalek v4.1.3
   Compiling stack-ids v0.1.3 (/workspace/scratch/bfe02ea97bc3/Libraries/stack-ids)
   Compiling ppv-lite86 v0.2.21
   Compiling wait-timeout v0.2.1
   Compiling rusty-fork v0.3.1
   Compiling recursive-agent-contracts v0.1.0 (/workspace/scratch/bfe02ea97bc3/recursive-agent-continuity/crates/recursive-agent-contracts)
   Compiling rand_chacha v0.9.0
   Compiling ed25519-dalek v2.2.0
   Compiling rand_xorshift v0.4.0
   Compiling rand v0.9.5
   Compiling proptest v1.11.0
   Compiling recursive-agent-policy v0.1.0 (/workspace/scratch/bfe02ea97bc3/recursive-agent-continuity/crates/recursive-agent-policy)
    Finished `test` profile [unoptimized + debuginfo] target(s) in 36.72s
     Running tests/permit_lifecycle.rs (/workspace/scratch/bfe02ea97bc3/recursive-agent/target/debug/deps/permit_lifecycle-3f123eb700d336da)
Failed to connect to bus: No medium found
error: test failed, to rerun pass `-p recursive-agent-policy --test permit_lifecycle`

Caused by:
  process didn't exit successfully: `/workspace/scratch/bfe02ea97bc3/recursive-agent-continuity/scripts/guarded-test-runner.sh /workspace/scratch/bfe02ea97bc3/recursive-agent/target/debug/deps/permit_lifecycle-3f123eb700d336da` (exit status: 1)
note: test exited abnormally; to see the full output pass --no-capture to the harness.
