   Compiling recursive-agent-daemon v0.1.0 (/workspace/scratch/bfe02ea97bc3/recursive-agent-continuity/crates/recursive-agent-daemon)
    Finished `test` profile [unoptimized + debuginfo] target(s) in 1.84s
  Executable unittests src/lib.rs (/workspace/scratch/bfe02ea97bc3/recursive-agent/target/debug/deps/recursive_agent_daemon-3286f3493a7d4936)
  Executable unittests src/bin/ra-daemon.rs (/workspace/scratch/bfe02ea97bc3/recursive-agent/target/debug/deps/ra_daemon-49fc09b2f7ec2185)
  Executable tests/adapter_parity.rs (/workspace/scratch/bfe02ea97bc3/recursive-agent/target/debug/deps/adapter_parity-79b03f491a1ad414)
  Executable tests/cli_verifier_enrollment.rs (/workspace/scratch/bfe02ea97bc3/recursive-agent/target/debug/deps/cli_verifier_enrollment-15021fa7014dcfb4)
  Executable tests/framing.rs (/workspace/scratch/bfe02ea97bc3/recursive-agent/target/debug/deps/framing-561eaf3ab51f39a8)
  Executable tests/ipc_runtime.rs (/workspace/scratch/bfe02ea97bc3/recursive-agent/target/debug/deps/ipc_runtime-b4fd5787dcdfd2b8)
  Executable tests/managed_accounting.rs (/workspace/scratch/bfe02ea97bc3/recursive-agent/target/debug/deps/managed_accounting-1ed7f32ceab67de8)
  Executable tests/protocol.rs (/workspace/scratch/bfe02ea97bc3/recursive-agent/target/debug/deps/protocol-c4f532bdff4789b9)
  Executable tests/provider_egress_ipc.rs (/workspace/scratch/bfe02ea97bc3/recursive-agent/target/debug/deps/provider_egress_ipc-4c700d5441a54b44)
  Executable tests/repo_audit.rs (/workspace/scratch/bfe02ea97bc3/recursive-agent/target/debug/deps/repo_audit-6ddfe135b8ae46e8)
  Executable tests/repo_audit_envelope.rs (/workspace/scratch/bfe02ea97bc3/recursive-agent/target/debug/deps/repo_audit_envelope-769891cefad65870)
  Executable tests/socket_safety.rs (/workspace/scratch/bfe02ea97bc3/recursive-agent/target/debug/deps/socket_safety-36909a4fc15bf35b)
  Executable unittests src/lib.rs (/workspace/scratch/bfe02ea97bc3/recursive-agent/target/debug/deps/recursive_agent_policy-4f540b99cd94959d)
  Executable tests/hardening_v5_attenuation.rs (/workspace/scratch/bfe02ea97bc3/recursive-agent/target/debug/deps/hardening_v5_attenuation-364e5f19b86404e0)
  Executable tests/normal_chat_admission.rs (/workspace/scratch/bfe02ea97bc3/recursive-agent/target/debug/deps/normal_chat_admission-9efa955ccfab2297)
  Executable tests/normal_chat_permit.rs (/workspace/scratch/bfe02ea97bc3/recursive-agent/target/debug/deps/normal_chat_permit-e7c9fe5cd1391b60)
  Executable tests/permit_lifecycle.rs (/workspace/scratch/bfe02ea97bc3/recursive-agent/target/debug/deps/permit_lifecycle-8ad06fdf26c72ee5)
  Executable tests/phase7_child_family_authority.rs (/workspace/scratch/bfe02ea97bc3/recursive-agent/target/debug/deps/phase7_child_family_authority-a36d4e9fb796745b)
  Executable tests/provider_egress_admission.rs (/workspace/scratch/bfe02ea97bc3/recursive-agent/target/debug/deps/provider_egress_admission-70ef4f32067c5fd9)
  Executable tests/provider_egress_permit.rs (/workspace/scratch/bfe02ea97bc3/recursive-agent/target/debug/deps/provider_egress_permit-3618b39046932ca0)
  Executable tests/tool_allowlist.rs (/workspace/scratch/bfe02ea97bc3/recursive-agent/target/debug/deps/tool_allowlist-a41c8930d2da4e9e)
